// Jest Snapshot v1, https://goo.gl/fbAQLP

exports[`Test my small components render a Checkbox 1`] = `
<div
  className="border-2 border-grey-shd4 w-6 h-6  bg-white relative cursor-pointer rounded-sm hover:border-grey-shd1 opacity-"
  id="box"
  onClick={[Function]}
  style={
    Object {
      "pointerEvents": "",
      "transform": "scale(1)",
    }
  }
>
  <svg
    className="mt-1.5 ml-1 hidden"
    fill="none"
    height="9"
    viewBox="0 0 11 9"
    width="11"
    xmlns="http://www.w3.org/2000/svg"
  >
    <path
      d="M3.66632 6.39073L1.47099 4.19539L0.52832 5.13806L3.66632 8.27606L10.1377 1.80473L9.19499 0.862061L3.66632 6.39073Z"
      fill="white"
    />
  </svg>
  <input
    className="h-5 w-5 opacity-0"
    type="checkbox"
  />
</div>
`;

exports[`Test my small components renders a Toggle Button  1`] = `
<div
  style={
    Object {
      "transform": "scale(1)",
    }
  }
>
  <label
    className="switch"
  >
    <input
      type="checkbox"
    />
    <span
      className="slider round"
    />
  </label>
</div>
`;
