// Jest Snapshot v1, https://goo.gl/fbAQLP

exports[`GeneralTextInput field renders a marked input  1`] = `
<div
  className="inline-block w-full"
>
  <input
    className="px-xl py-3 rounded-md border  border-grey-shd5 placeholder-grey-shd1 w-full hover:border-grey-shd1  outline-none focus:outline-none h-11 focus:border-dark"
    placeholder="What do you want to ask about?"
  />
</div>
`;
