// Jest Snapshot v1, https://goo.gl/fbAQLP

exports[`Testing avatar Testing Avatar size Large 1`] = `
<div
  className="flex justify-center items-center rounded-full mr-4 w-14 h-14 bg-grey-shd6"
/>
`;

exports[`Testing avatar Testing Avatar size Medium 1`] = `
<div
  className="flex justify-center items-center rounded-full mr-4 w-10 h-10 bg-grey-shd6"
/>
`;

exports[`Testing avatar Testing Avatar size Small 1`] = `
<div
  className="flex justify-center items-center rounded-full mr-4 w-8 h-8 bg-grey-shd6"
/>
`;

exports[`Testing avatar Testing Avatar type Anonymous 1`] = `
<div
  className="flex justify-center items-center rounded-full mr-4 w-8 h-8 bg-warning-shd7"
>
  <svg
    fill="none"
    height="16"
    viewBox="0 0 32 32"
    width="16"
    xmlns="http://www.w3.org/2000/svg"
  >
    <path
      d="M15.9998 2.6665C8.64784 2.6665 2.6665 8.64784 2.6665 15.9998C2.6665 19.3612 3.9265 22.4265 5.9865 24.7758C7.63984 26.8025 10.3412 28.8638 14.5718 29.2532C15.0412 29.3052 15.5185 29.3332 15.9998 29.3332C16.4812 29.3332 16.9585 29.3052 17.4265 29.2532C21.6585 28.8638 24.3585 26.8012 26.0118 24.7758C28.0732 22.4265 29.3332 19.3612 29.3332 15.9998C29.3332 8.64784 23.3518 2.6665 15.9998 2.6665ZM6.2785 11.6318C6.48384 11.7518 6.68917 11.8745 6.8865 11.9998C7.4145 12.3332 7.94117 12.6665 8.60117 12.9172C9.25984 13.1665 10.0518 13.3332 11.1065 13.3332C12.1625 13.3332 12.9545 13.1665 13.6145 12.9158C14.2745 12.6652 14.8025 12.3332 15.3305 11.9998C15.8585 11.6665 16.3865 11.3332 17.0465 11.0825C17.7052 10.8332 18.4972 10.6665 19.5532 10.6665C20.6092 10.6665 21.4012 10.8332 22.0598 11.0838C22.7198 11.3332 23.2478 11.6665 23.7758 11.9998C24.3038 12.3332 24.8318 12.6665 25.4918 12.9172C25.7292 13.0065 25.9905 13.0798 26.2665 13.1452C26.5212 14.0545 26.6665 15.0092 26.6665 15.9998C26.6665 17.1238 26.4892 18.2052 26.1665 19.2225C25.8185 19.4825 25.1892 19.8545 24.0638 20.2305C23.0385 20.5718 21.8345 20.8412 20.4838 21.0332C17.6452 21.4318 14.3532 21.4318 11.5145 21.0332C10.1638 20.8412 8.95984 20.5718 7.9345 20.2305C6.80917 19.8545 6.17984 19.4825 5.83184 19.2225C5.5105 18.2052 5.33317 17.1238 5.33317 15.9998C5.33317 14.4425 5.67717 12.9665 6.2785 11.6318Z"
      fill="#8D9A9E"
    />
    <path
      d="M11.3335 18.6665C12.4381 18.6665 13.3335 17.7711 13.3335 16.6665C13.3335 15.5619 12.4381 14.6665 11.3335 14.6665C10.2289 14.6665 9.3335 15.5619 9.3335 16.6665C9.3335 17.7711 10.2289 18.6665 11.3335 18.6665Z"
      fill="#8D9A9E"
    />
    <path
      d="M20.6665 18.6665C21.7711 18.6665 22.6665 17.7711 22.6665 16.6665C22.6665 15.5619 21.7711 14.6665 20.6665 14.6665C19.5619 14.6665 18.6665 15.5619 18.6665 16.6665C18.6665 17.7711 19.5619 18.6665 20.6665 18.6665Z"
      fill="#8D9A9E"
    />
  </svg>
</div>
`;

exports[`Testing avatar Testing Avatar type Filled 1`] = `
<div
  className="flex justify-center items-center rounded-full mr-4 w-8 h-8 bg-grey-shd6"
>
  <img
    alt="Avater"
    className="rounded-full w-full h-full"
    src="static/media/undefined"
  />
</div>
`;

exports[`Testing avatar Testing Avatar type Not Filled 1`] = `
<div
  className="flex justify-center items-center rounded-full mr-4 w-8 h-8 bg-grey-shd6"
>
  <svg
    fill="none"
    height="16"
    viewBox="0 0 32 32"
    width="16"
    xmlns="http://www.w3.org/2000/svg"
  >
    <path
      d="M16 2.6665C12.324 2.6665 9.33333 5.65717 9.33333 9.33317C9.33333 13.0092 12.324 15.9998 16 15.9998C19.676 15.9998 22.6667 13.0092 22.6667 9.33317C22.6667 5.65717 19.676 2.6665 16 2.6665ZM16 13.3332C13.7947 13.3332 12 11.5385 12 9.33317C12 7.12784 13.7947 5.33317 16 5.33317C18.2053 5.33317 20 7.12784 20 9.33317C20 11.5385 18.2053 13.3332 16 13.3332ZM28 27.9998V26.6665C28 21.5212 23.812 17.3332 18.6667 17.3332H13.3333C8.18667 17.3332 4 21.5212 4 26.6665V27.9998H6.66667V26.6665C6.66667 22.9905 9.65733 19.9998 13.3333 19.9998H18.6667C22.3427 19.9998 25.3333 22.9905 25.3333 26.6665V27.9998H28Z"
      fill="#8D9A9E"
    />
  </svg>
</div>
`;

exports[`Testing avatar Testing Avatar with no props 1`] = `
<div
  className="flex justify-center items-center rounded-full mr-4 w-8 h-8 bg-grey-shd6"
/>
`;
